
> professor-personal-website@0.1.0 build
> prisma generate && next build

Prisma schema loaded from prisma/schema.prisma

✔ Generated Prisma Client (v5.22.0) to ./node_modules/@prisma/client in 1.63s

Start by importing your Prisma Client (See: https://pris.ly/d/importing-client)

Tip: Want real-time updates to your database without manual polling? Discover how with Pulse: https://pris.ly/tip-0-pulse

  ▲ Next.js 14.2.35

   Creating an optimized production build ...
 ⚠ Found lockfile missing swc dependencies, patching...
 ⨯ Failed to patch lockfile, please try uninstalling and reinstalling next in this workspace
TypeError: Cannot read properties of undefined (reading 'os')
    at fetchPkgInfo (/run/media/masalago/5a19708f-dc92-4a1e-9cea-08f3109bf2db/projects/Dr Mbita/Mbita-emmanuel/node_modules/next/dist/lib/patch-incorrect-lockfile.js:73:25)
    at process.processTicksAndRejections (node:internal/process/task_queues:104:5)
    at async Promise.all (index 0)
    at async patchIncorrectLockfile (/run/media/masalago/5a19708f-dc92-4a1e-9cea-08f3109bf2db/projects/Dr Mbita/Mbita-emmanuel/node_modules/next/dist/lib/patch-incorrect-lockfile.js:162:26)
 ✓ Compiled successfully
   Linting and checking validity of types ...
Failed to compile.

./app/api/student/dashboard/route.ts:25:9
Type error: Object literal may only specify known properties, and 'status' does not exist in type 'AssignmentSubmissionWhereInput'.

[0m [90m 23 |[39m       where[33m:[39m {[0m
[0m [90m 24 |[39m         studentId[33m,[39m[0m
[0m[31m[1m>[22m[39m[90m 25 |[39m         status[33m:[39m [32m"pending"[39m[33m,[39m[0m
[0m [90m    |[39m         [31m[1m^[22m[39m[0m
[0m [90m 26 |[39m         assignment[33m:[39m {[0m
[0m [90m 27 |[39m           dueDate[33m:[39m { gte[33m:[39m [36mnew[39m [33mDate[39m() }[33m,[39m[0m
[0m [90m 28 |[39m         }[33m,[39m[0m
Next.js build worker exited with code: 1 and signal: null
